// Vitest Snapshot v1, https://vitest.dev/guide/snapshot.html

exports[`adzunaConnector (characterization) > matches today's normalized shape for a typical result page 1`] = `
[
  {
    "company": "Marriott International, Inc",
    "description": "Additional Information Job Number 26084229 Job Category Engineering & Facilities Location 2365 Kaanapali Pkwy, Lahaina, Hawaii, United States, 96761 VIEW ON MAP Schedule Full Time Located Remotely? N Position Type Non-Management Pay Range: $33.11-$33.11 per hour POSITION SUMMARY Respond and attend to guest repair requests. Communicate with guests/customers to resolve maintenance issues with little to no supervision. Perform preventive maintenance on tools and equipment, including cleaning and l…",
    "id": "adzuna:5798946719",
    "location": "Lahaina, Maui",
    "postedAt": "2026-07-13T12:51:59Z",
    "role": "Engineer III",
    "source": "adzuna",
    "url": "https://www.adzuna.com/land/ad/5798946719?se=eBRhS2GL8RGchd7aIVvyDQ&utm_medium=api&utm_source=04573b2d&v=636DD1A11E2E769CCF211499E2A6C989A6B9359F",
  },
  {
    "company": "Veterans Health Administration",
    "description": "Qualifications NOTE: THE 2-PAGE RESUME REQUIREMENT DOES NOT APPLY TO THIS OCCUPATIONAL SERIES. FOR MORE INFORMATION, REFER TO REQUIRED DOCUMENTS BELOW. To qualify for this position, applicants must meet all requirements within 30 days of the closing date of this announcement. Basic Requirements: United States Citizenship: Non-citizens may only be appointed when it is not possible to recruit qualified citizens in accordance with VA Policy Education: Bachelor's degree or higher in Engineering or …",
    "id": "adzuna:5817620476",
    "location": "Seattle, King County",
    "postedAt": "2026-07-27T17:21:27Z",
    "role": "Healthcare Engineer-Project Engineer",
    "source": "adzuna",
    "url": "https://www.adzuna.com/details/5817620476?utm_medium=api&utm_source=04573b2d",
  },
  {
    "company": "Veterans Health Administration",
    "description": "Qualifications Applicants pending the completion of educational or certification/licensure requirements may be referred and tentatively selected but may not be hired until all requirements are met. Basic Requirements: United States Citizenship: Non-citizens may only be appointed when it is not possible to recruit qualified citizens in accordance with VA Policy English Language Proficiency: Healthcare Engineer candidates must be proficient in spoken and written English in accordance with 38 U.S.…",
    "id": "adzuna:5817621537",
    "location": "Fresno, Fresno County",
    "postedAt": "2026-07-27T17:21:37Z",
    "role": "Healthcare Engineer (Energy Engineer)",
    "source": "adzuna",
    "url": "https://www.adzuna.com/details/5817621537?utm_medium=api&utm_source=04573b2d",
  },
  {
    "company": "Veterans Health Administration",
    "description": "Qualifications Basic Requirements: US Citizenship: Non-citizens may only be appointed when it is not possible to recruit qualified citizens in accordance with VA Policy Education: (1) Bachelor's degree or higher in Engineering or Architecture To be acceptable, the curriculum must be from a school with at least one curriculum accredited by the Accreditation Board for Engineering and Technology, Engineering Accreditation Commission (excludes engineering technology) or National Council of Architec…",
    "id": "adzuna:5817622415",
    "location": "Louisville, Jefferson County",
    "postedAt": "2026-07-27T17:21:41Z",
    "role": "Healthcare Engineer (Network Engineer)",
    "source": "adzuna",
    "url": "https://www.adzuna.com/details/5817622415?utm_medium=api&utm_source=04573b2d",
  },
  {
    "company": "Veterans Health Administration",
    "description": "Qualifications Applicants pending the completion of educational or certification/licensure requirements may be referred and tentatively selected but may not be hired until all requirements are met. Basic Requirements: 1 United States Citizenship: Non-citizens may only be appointed when it is not possible to recruit qualified citizens in accordance with VA Policy 2 English Language Proficiency: Healthcare Engineer candidates must be proficient in spoken and written English in accordance with 38 …",
    "id": "adzuna:5817618638",
    "location": "Little Rock, Pulaski County",
    "postedAt": "2026-07-27T17:21:09Z",
    "role": "Healthcare Engineer",
    "source": "adzuna",
    "url": "https://www.adzuna.com/details/5817618638?utm_medium=api&utm_source=04573b2d",
  },
  {
    "company": "Veterans Health Administration",
    "description": "Qualifications Applicants pending the completion of educational or certification/licensure requirements may be referred and tentatively selected but may not be hired until all requirements are met. Basic Requirements: Citizenship Be a citizen of the United States (U.S.) Non-citizens may be appointed when it is not possible to recruit qualified citizens in accordance with 38 U.S.C. § 7407(a) English Language Proficiency Healthcare Engineer candidates must be proficient in spoken and written Engl…",
    "id": "adzuna:5817621487",
    "location": "White City, Jackson County",
    "postedAt": "2026-07-27T17:21:36Z",
    "role": "Healthcare Engineer",
    "source": "adzuna",
    "url": "https://www.adzuna.com/details/5817621487?utm_medium=api&utm_source=04573b2d",
  },
  {
    "company": "Veterans Health Administration",
    "description": "Qualifications All requirements must be met by the close date of this announcement, 07/27/2026. Basic Requirements: United States Citizenship: Non-citizens may only be appointed when it is not possible to recruit qualified citizens in accordance with VA Policy Education: Bachelor's degree or higher in Engineering or Architecture To be acceptable, the curriculum must be from a school with at least one curriculum accredited by the Accreditation Board for Engineering and Technology, Engineering Ac…",
    "id": "adzuna:5817622066",
    "location": "Des Moines, Polk County",
    "postedAt": "2026-07-27T17:21:40Z",
    "role": "Healthcare Engineer",
    "source": "adzuna",
    "url": "https://www.adzuna.com/details/5817622066?utm_medium=api&utm_source=04573b2d",
  },
  {
    "company": "Veterans Health Administration",
    "description": "Qualifications Basic Requirements: United States Citizenship: You must be a citizen of the United States English Language Proficiency: Candidates will not be appointed under authority of 38 U.S.C. chapters 73 or 74, to serve in a direct patient-care capacity in VHA who is not proficient in written and spoken English See Chapter 2, section D, paragraph 5a, this part Education/Experience: Bachelor's degree or higher in Engineering or Architecture: Must be from a school with at least one curriculu…",
    "id": "adzuna:5817618362",
    "location": "Memphis, Shelby County",
    "postedAt": "2026-07-27T17:21:04Z",
    "role": "Healthcare Engineer",
    "source": "adzuna",
    "url": "https://www.adzuna.com/details/5817618362?utm_medium=api&utm_source=04573b2d",
  },
  {
    "company": "Veterans Health Administration",
    "description": "Qualifications Applicants pending the completion of educational or certification/licensure requirements may be referred and tentatively selected but may not be hired until all requirements are met. Basic Requirements: United States Citizenship: Non-citizens may only be appointed when it is not possible to recruit qualified citizens in accordance with VA Policy English Language Proficiency: Healthcare Engineer candidates must be proficient in spoken and written English in accordance with 38 U.S.…",
    "id": "adzuna:5817621922",
    "location": "US",
    "postedAt": "2026-07-27T17:21:39Z",
    "role": "Healthcare Engineer",
    "source": "adzuna",
    "url": "https://www.adzuna.com/details/5817621922?utm_medium=api&utm_source=04573b2d",
  },
  {
    "company": "Veterans Health Administration",
    "description": "Qualifications Applicants pending the completion of educational or certification/licensure requirements may be referred and tentatively selected but may not be hired until all requirements are met. Basic Requirements: United States Citizenship: Non-citizens may only be appointed when it is not possible to recruit qualified citizens in accordance with VA Policy Education: Bachelor's degree or higher in Engineering or Architecture To be acceptable, the curriculum must be from a school with at lea…",
    "id": "adzuna:5817620875",
    "location": "Indianapolis, Marion County",
    "postedAt": "2026-07-27T17:21:30Z",
    "role": "Healthcare Engineer",
    "source": "adzuna",
    "url": "https://www.adzuna.com/details/5817620875?utm_medium=api&utm_source=04573b2d",
  },
  {
    "company": "Veterans Health Administration",
    "description": "Qualifications Applicants pending the completion of educational or certification/licensure requirements may be referred and tentatively selected but may not be hired until all requirements are met. Basic Requirements: United States Citizenship: Non-citizens may only be appointed when it is not possible to recruit qualified citizens in accordance with VA Policy Proficient in spoken and written English as required by 38 U.S.C. 7403(f) Education: a Bachelor's degree or higher in Engineering or Arc…",
    "id": "adzuna:5817621190",
    "location": "Milwaukee, Milwaukee County",
    "postedAt": "2026-07-27T17:21:33Z",
    "role": "Healthcare Engineer",
    "source": "adzuna",
    "url": "https://www.adzuna.com/details/5817621190?utm_medium=api&utm_source=04573b2d",
  },
  {
    "company": "Veterans Health Administration",
    "description": "Qualifications Applicants pending the completion of educational or certification/licensure requirements may be referred and tentatively selected but may not be hired until all requirements are met. Basic Requirements: United States Citizenship: Non-citizens may only be appointed when it is not possible to recruit qualified citizens in accordance with VA Policy Education: Bachelor's degree or higher in Engineering or Architecture To be acceptable, the curriculum must be from a school with at lea…",
    "id": "adzuna:5817619304",
    "location": "Lexington, Fayette County",
    "postedAt": "2026-07-27T17:21:17Z",
    "role": "Healthcare Engineer - Network",
    "source": "adzuna",
    "url": "https://www.adzuna.com/details/5817619304?utm_medium=api&utm_source=04573b2d",
  },
  {
    "company": "Veterans Health Administration",
    "description": "Qualifications To qualify for this position, applicants must meet all requirements by the closing date of this announcement, 07/28/2026. You may qualify based on your experience and/or education as described below: Specialized Experience: You must have one year of specialized experience equivalent to at least the next lower grade GS-12 in the normal line of progression for the occupation in the organization. Examples of specialized experience would typically include, but are not limited to: . O…",
    "id": "adzuna:5817621817",
    "location": "Fresno, Fresno County",
    "postedAt": "2026-07-27T17:21:38Z",
    "role": "Supervisory Healthcare Engineer",
    "source": "adzuna",
    "url": "https://www.adzuna.com/details/5817621817?utm_medium=api&utm_source=04573b2d",
  },
  {
    "company": "Veterans Health Administration",
    "description": "Qualifications Applicants pending the completion of educational or certification/licensure requirements may be referred and tentatively selected but may not be hired until all requirements are met. Basic Requirements: United States Citizenship: Non-citizens may only be appointed when it is not possible to recruit qualified citizens in accordance with VA Policy Education: Bachelor's degree or higher in Engineering or Architecture To be acceptable, the curriculum must be from a school with at lea…",
    "id": "adzuna:5817621626",
    "location": "Shreveport, Caddo Parish",
    "postedAt": "2026-07-27T17:21:38Z",
    "role": "Supervisory Healthcare Engineer",
    "source": "adzuna",
    "url": "https://www.adzuna.com/details/5817621626?utm_medium=api&utm_source=04573b2d",
  },
  {
    "company": "Veterans Health Administration",
    "description": "Qualifications To qualify for this position, applicants must meet all requirements by the closing date of this announcement. EXPERIENCE: A specific length of training and experience is not required, but you must show evidence of training or experience of sufficient scope and quality of your ability to do the work of this position. Evidence which demonstrates you possess the knowledge, skills, and ability to perform the duties of this position must be supported by detailed descriptions of such o…",
    "id": "adzuna:5817620913",
    "location": "West Roxbury, Suffolk County",
    "postedAt": "2026-07-27T17:21:31Z",
    "role": "Engineering Equipment Operator",
    "source": "adzuna",
    "url": "https://www.adzuna.com/details/5817620913?utm_medium=api&utm_source=04573b2d",
  },
  {
    "company": "Veterans Health Administration",
    "description": "Qualifications To qualify for this position, applicants must meet all requirements by the closing date of this announcement. EXPERIENCE: A specific length of training and experience is not required, but you must show evidence of training or experience of sufficient scope and quality of your ability to do the work of this position. Evidence which demonstrates you possess the knowledge, skills, and ability to perform the duties of this position must be supported by detailed descriptions of such o…",
    "id": "adzuna:5817620927",
    "location": "Brockton, Plymouth County",
    "postedAt": "2026-07-27T17:21:31Z",
    "role": "Engineering Equipment Operator",
    "source": "adzuna",
    "url": "https://www.adzuna.com/details/5817620927?utm_medium=api&utm_source=04573b2d",
  },
  {
    "company": "Sodexo",
    "description": "Role Overview: Sodexo Energy and Resource is seeking a Facilities/Engineering Operations Manager 2 for an Oil & Gas client in Carlsbad, NM . The ideal candidate will maximize the value of the client’s assets, and achieve the operational and financial goals and objectives by developing, implementing, and executing an overall strategic plan for each property and the portfolio. Incentives: Eligible for sign on bonus What You'll Do: Lead coordination, delivery, and quality assurance of maintenance …",
    "id": "adzuna:5780182774",
    "location": "Carlsbad, Eddy County",
    "postedAt": "2026-06-28T07:08:15Z",
    "role": "Facilities / Engineering Operations Manager 2",
    "source": "adzuna",
    "url": "https://www.adzuna.com/land/ad/5780182774?se=eBRhS2GL8RGchd7aIVvyDQ&utm_medium=api&utm_source=04573b2d&v=B2240D6F23C407708B0B067EF4C7FB57181FFB8A",
  },
  {
    "company": "Dollar General",
    "description": "Work Where You Matter At Dollar General, our mission is Serving Others! We value each and every one of our employees. Whether you are looking to launch a new career in one of our many convenient Store locations, Distribution Centers, Store Support Center or with our Private Fleet Team, we are proud to provide a wide range of career opportunities. We are not just a retail company; we are a company that values the unique strengths and perspectives that each individual brings. Your difference trul…",
    "id": "adzuna:5793859670",
    "location": "Goodlettsville, Davidson County",
    "postedAt": "2026-07-09T03:25:59Z",
    "role": "Lead Software Engineer (Merchandising Systems)",
    "source": "adzuna",
    "url": "https://www.adzuna.com/land/ad/5793859670?se=eBRhS2GL8RGchd7aIVvyDQ&utm_medium=api&utm_source=04573b2d&v=4FAF613A6F3B1409BC147C583893D14972E8859D",
  },
  {
    "company": "Veterans Health Administration",
    "description": "Qualifications Applicants pending the completion of educational or certification/licensure requirements may be referred and tentatively selected but may not be hired until all requirements are met. Basic Requirements: United States Citizenship: Non-citizens may only be appointed when it is not possible to recruit qualified citizens in accordance with VA Policy English Language Proficiency Healthcare Engineer candidates must be proficient in spoken and written English in accordance with 38 U.S.C…",
    "id": "adzuna:5817623184",
    "location": "Kansas City, Jackson County",
    "postedAt": "2026-07-27T17:21:45Z",
    "role": "Healthcare Engineer (Project Manager)",
    "source": "adzuna",
    "url": "https://www.adzuna.com/details/5817623184?utm_medium=api&utm_source=04573b2d",
  },
  {
    "company": "Veterans Health Administration",
    "description": "Qualifications Basic Requirements: Citizenship Be a citizen of the United States (Non-citizens may be appointed when it is not possible to recruit qualified citizens in accordance with VA Handbook 5005, Part II,] chapter 3, section A, paragraph 3.g.) English Language Proficiency Biomedical Engineers must be proficient in spoken and written English in accordance with chapter 2, section D, paragraph 5a, this part Education and/or Experience The individual must meet either item (1) or (2) below to…",
    "id": "adzuna:5817620697",
    "location": "Montgomery, Montgomery County",
    "postedAt": "2026-07-27T17:21:28Z",
    "role": "Supervisory Biomedical Engineer (Clinical)",
    "source": "adzuna",
    "url": "https://www.adzuna.com/details/5817620697?utm_medium=api&utm_source=04573b2d",
  },
]
`;
